
> viajeseguro@0.1.0 build
> next build

   Ôû▓ Next.js 15.4.4
   - Environments: .env.local

   Creating an optimized production build ...
 Ô£ô Compiled successfully in 6.0s
   Linting and checking validity of types ...
node.exe : Failed 
to compile.
En C:\Program Files
\nodejs\npm.ps1: 
29 Carácter: 3
+   & $NODE_EXE 
$NPM_CLI_JS $args
+   ~~~~~~~~~~~~~~~
~~~~~~~~~~~~~~
    + CategoryInfo 
             : No  
  tSpecified: (F   
 ailed to compi    
le.:String) []    
, RemoteExcept    
ion
    + FullyQualifi 
   edErrorId : Na  
  tiveCommandErr   
 or
 

./components/public
/purchase/auxiliarC
omponents/PurchaseP
rocess.tsx:63:29
Type error: 
Conversion of type 
'TripCardType' to 
type 'TripWithPrice
Details' may be a 
mistake because 
neither type 
sufficiently 
overlaps with the 
other. If this was 
intentional, 
convert the 
expression to 
'unknown' first.
  Property 
'originalTimeZone' 
is missing in type 
'TripCardType' but 
required in type 'T
ripWithPriceDetails
'.

[0m [90m 61 
|[39m             
    [36mif[39m 
(type 
[33m===[39m 
[32m"trip"[39m) {
 [90m 62 |[39m   
                  
[36mconst[39m 
tripData 
[33m=[39m 
[36mawait[39m get
TripForPurchase(id)
[33m;[39m
[31m[1m>[22m[39
m[90m 63 |[39m   
                  
setTrip(tripData 
[36mas[39m [33mT
ripWithPriceDetails
[39m)[33m;[39m
 [90m    |[39m   
                   
       [31m[1m^[
22m[39m
 [90m 64 |[39m   
              }
 [90m 65 |[39m   
              
[36mif[39m (type 
[33m===[39m [32m
"vehicle"[39m) {
 [90m 66 |[39m   
                  
[36mconst[39m 
vehicleOfferData 
[33m=[39m 
[36mawait[39m fet
chVehicleOffer(id)
[33m;[39m[0m
Next.js build 
worker exited with 
code: 1 and 
signal: null
